// Jest Snapshot v1, https://goo.gl/fbAQLP

exports[`Organization Link View [Given] user with required permissions  7395557: renders without crashing 1`] = `
.emotion-0 {
  background-color: #ffffff;
  width: 100%;
  height: 100%;
  max-width: none;
  max-height: none;
  border-radius: 0;
  overflow: hidden;
}

@media only screen and (max-width: 768px) {
  .emotion-0 {
    max-width: calc(100vw - (4px * 8));
    max-height: calc(100vh - (4px * 8));
  }
}

@media only screen and (max-width: 411px) {
  .emotion-0 {
    display: -webkit-box;
    display: -webkit-flex;
    display: -ms-flexbox;
    display: flex;
    -webkit-box-flex-flow: column nowrap;
    -webkit-flex-flow: column nowrap;
    -ms-flex-flow: column nowrap;
    flex-flow: column nowrap;
    -webkit-box-pack: start;
    -ms-flex-pack: start;
    -webkit-justify-content: flex-start;
    justify-content: flex-start;
    width: 100vw;
    height: 100vh;
    border: none;
    border-radius: 0;
    box-shadow: none;
    max-height: 100%;
    max-width: 100%;
  }
}

.emotion-1 {
  display: -webkit-box;
  display: -webkit-flex;
  display: -ms-flexbox;
  display: flex;
  -webkit-align-items: center;
  -webkit-box-align: center;
  -ms-flex-align: center;
  align-items: center;
  -webkit-box-pack: justify;
  -webkit-justify-content: space-between;
  justify-content: space-between;
  min-height: 64px;
  padding: 16px 24px;
  color: #101315;
  border-radius: 4px 4px 0 0;
  border-bottom: 1px solid #e5ecf0;
}

@media only screen and (max-width: 768px) {
  .emotion-1 {
    min-height: 48px;
    padding: 16px;
  }
}

.emotion-2 {
  display: -webkit-box;
  display: -webkit-flex;
  display: -ms-flexbox;
  display: flex;
  -webkit-align-items: flex-start;
  -webkit-box-align: flex-start;
  -ms-flex-align: flex-start;
  align-items: flex-start;
  -webkit-flex: 1 1;
  -ms-flex: 1 1;
  flex: 1 1;
}

.emotion-2 h2 {
  margin: 0;
}

.emotion-3 {
  font-family: 'Open Sans',sans-serif;
  -webkit-transition: color 0.15s ease-in-out;
  transition: color 0.15s ease-in-out;
  font-style: normal;
  font-weight: normal;
  font-size: 24px;
  line-height: 32px;
  margin-block-start: 0;
  margin-block-end: 0;
  font-weight: 600;
}

@media only screen and (max-width: 768px) {
  .emotion-3 {
    font-size: 20px;
    line-height: 38px;
  }
}

.emotion-4 {
  display: -webkit-inline-box;
  display: -webkit-inline-flex;
  display: -ms-inline-flexbox;
  display: inline-flex;
  -webkit-align-items: center;
  -webkit-box-align: center;
  -ms-flex-align: center;
  align-items: center;
  -webkit-box-pack: center;
  -ms-flex-pack: center;
  -webkit-justify-content: center;
  justify-content: center;
  position: relative;
  background-color: transparent;
  color: #0f5ca3;
  border-color: transparent;
  font-family: inherit;
  height: 32px;
  padding: 8px;
  border-width: 1px;
  border-style: solid;
  font-size: 14px;
  line-height: 16px;
  text-transform: none;
  -webkit-transition: 0.3s ease-in-out;
  transition: 0.3s ease-in-out;
  cursor: pointer!important;
  border-radius: 4px;
  padding: 0;
  width: 32px;
  text-align: center;
}

.emotion-4:hover {
  background: #e5ecf0;
  color: #0a3d6d;
}

.emotion-4:hover [data-type="nui-tooltip"] {
  opacity: 1;
  visibility: visible;
}

.emotion-4:focus {
  background: #e5ecf0;
  border-color: #4ea1ef;
  box-shadow: 0px 0px 3px #4ea1ef;
}

.emotion-4:active {
  background: #e6f2fd;
}

.emotion-4:disabled {
  pointer-events: none;
  cursor: default;
  background: #f7fafc;
  color: #61707c;
  border-color: transparent;
}

@media only screen and (max-width: 768px) {
  .emotion-4 {
    height: 40px;
    padding: 12px;
    width: 40px;
  }
}

.emotion-4 i {
  font-size: 16px!important;
}

.emotion-5 {
  font-size: 12px;
  line-height: 32px;
}

.emotion-5+span {
  margin-left: 4px;
}

@media only screen and (max-width: 768px) {
  .emotion-5 {
    line-height: 16px;
  }
}

.emotion-5 i {
  font-size: 16px!important;
}

.emotion-6 {
  min-height: 150px;
  overflow: hidden;
  height: calc(100% - (64px + 88px));
  background-color: #ffffff;
}

.emotion-7 {
  padding: 24px;
}

@media only screen and (max-width: 768px) {
  .emotion-7 {
    padding: 16px;
  }
}

.emotion-8 {
  font-family: 'Open Sans',sans-serif;
  -webkit-transition: color 0.15s ease-in-out;
  transition: color 0.15s ease-in-out;
  font-style: normal;
  font-weight: normal;
  font-size: 14px;
  line-height: 16px;
}

@media only screen and (max-width: 768px) {
  .emotion-8 {
    font-size: 12px;
    line-height: 12px;
  }
}

.emotion-10 {
  position: relative;
}

.emotion-11 {
  display: -webkit-box;
  display: -webkit-flex;
  display: -ms-flexbox;
  display: flex;
  -webkit-align-content: center;
  -ms-flex-line-pack: center;
  align-content: center;
  -webkit-box-pack: justify;
  -webkit-justify-content: space-between;
  justify-content: space-between;
}

.emotion-11>*:first-child:last-child {
  width: 100%;
}

.emotion-11>*+.emotion-11>* {
  margin-left: 8px;
}

.emotion-13 {
  position: relative;
  box-sizing: border-box;
}

.emotion-14 {
  -webkit-align-items: center;
  -webkit-box-align: center;
  -ms-flex-align: center;
  align-items: center;
  background-color: hsl(0,0%,100%);
  border-color: hsl(0,0%,80%);
  border-radius: 4px;
  border-style: solid;
  border-width: 1px;
  cursor: default;
  display: -webkit-box;
  display: -webkit-flex;
  display: -ms-flexbox;
  display: flex;
  -webkit-flex-wrap: wrap;
  -ms-flex-wrap: wrap;
  flex-wrap: wrap;
  -webkit-box-pack: justify;
  -webkit-justify-content: space-between;
  -ms-flex-pack: justify;
  justify-content: space-between;
  min-height: 38px;
  outline: 0!important;
  position: relative;
  -webkit-transition: all 100ms;
  transition: all 100ms;
  box-sizing: border-box;
}

.emotion-14:hover {
  border-color: hsl(0,0%,70%);
}

.emotion-15 {
  -webkit-align-items: center;
  -webkit-box-align: center;
  -ms-flex-align: center;
  align-items: center;
  display: -webkit-box;
  display: -webkit-flex;
  display: -ms-flexbox;
  display: flex;
  -webkit-flex: 1;
  -ms-flex: 1;
  flex: 1;
  -webkit-flex-wrap: wrap;
  -ms-flex-wrap: wrap;
  flex-wrap: wrap;
  padding: 2px 8px;
  -webkit-overflow-scrolling: touch;
  position: relative;
  overflow: hidden;
  box-sizing: border-box;
}

.emotion-16 {
  color: hsl(0,0%,50%);
  margin-left: 2px;
  margin-right: 2px;
  position: absolute;
  top: 50%;
  -webkit-transform: translateY(-50%);
  -ms-transform: translateY(-50%);
  transform: translateY(-50%);
  box-sizing: border-box;
}

.emotion-17 {
  margin: 0;
  padding-bottom: 0;
  padding-top: 0;
  visibility: visible;
  color: inherit;
  box-sizing: border-box;
}

.emotion-18 {
  -webkit-align-items: center;
  -webkit-box-align: center;
  -ms-flex-align: center;
  align-items: center;
  -webkit-align-self: stretch;
  -ms-flex-item-align: stretch;
  align-self: stretch;
  display: -webkit-box;
  display: -webkit-flex;
  display: -ms-flexbox;
  display: flex;
  -webkit-flex-shrink: 0;
  -ms-flex-negative: 0;
  flex-shrink: 0;
  box-sizing: border-box;
}

.emotion-19 {
  -webkit-align-self: stretch;
  -ms-flex-item-align: stretch;
  align-self: stretch;
  background-color: hsl(0,0%,80%);
  margin-bottom: 8px;
  margin-top: 8px;
  width: 1px;
  box-sizing: border-box;
}

.emotion-20 {
  background-color: #ffffff;
  min-height: 64px;
  -webkit-transition: 0.3s ease-in-out;
  transition: 0.3s ease-in-out;
  transition-property: background-color,color;
  border-radius: 0;
  border-top: 1px solid #e5ecf0;
  overflow: hidden;
  padding: 0;
}

@media only screen and (max-width: 411px) {
  .emotion-20 {
    margin-top: auto;
  }
}

.emotion-22 {
  display: -webkit-box;
  display: -webkit-flex;
  display: -ms-flexbox;
  display: flex;
  -webkit-flex-direction: column;
  -ms-flex-direction: column;
  flex-direction: column;
  -webkit-box-pack: center;
  -ms-flex-pack: center;
  -webkit-justify-content: center;
  justify-content: center;
  padding: 0 24px;
}

@media only screen and (max-width: 767px) {
  .emotion-22 {
    padding: 0 16px;
  }
}

.emotion-22 [data-type="toolbar-row"] {
  position: relative;
  display: -webkit-box;
  display: -webkit-flex;
  display: -ms-flexbox;
  display: flex;
  -webkit-box-pack: justify;
  -webkit-justify-content: space-between;
  justify-content: space-between;
  -webkit-align-items: center;
  -webkit-box-align: center;
  -ms-flex-align: center;
  align-items: center;
}

.emotion-22 [data-type="toolbar-row"]:first-child {
  padding-top: 24px;
}

.emotion-22 [data-type="toolbar-row"]:last-child {
  padding-bottom: 24px;
}

.emotion-22 [data-type="toolbar-row"]:first-child:last-child {
  height: 100%;
}

.emotion-22 [data-type="toolbar-row"]+.emotion-22 [data-type="toolbar-row"] {
  padding-top: 8px;
}

.emotion-22 [data-type="toolbar-row"]>*:not(:first-child) {
  margin-left: 8px;
}

.emotion-22 [data-type="toolbar-row"][class*="--justify-flex-start"] {
  -webkit-box-pack: start;
  -ms-flex-pack: start;
  -webkit-justify-content: flex-start;
  justify-content: flex-start;
}

.emotion-22 [data-type="toolbar-row"][class*="--justify-center"] {
  -webkit-box-pack: center;
  -ms-flex-pack: center;
  -webkit-justify-content: center;
  justify-content: center;
}

.emotion-22 [data-type="toolbar-row"][class*="--justify-center-space-between"] {
  -webkit-box-pack: justify;
  -webkit-justify-content: space-between;
  justify-content: space-between;
}

.emotion-22 [data-type="toolbar-row"][class*="--justify-center-space-around"] {
  -webkit-box-pack: space-around;
  -ms-flex-pack: space-around;
  -webkit-justify-content: space-around;
  justify-content: space-around;
}

.emotion-22 [data-type="toolbar-row"][class*="--justify-center-flex-end"] {
  -webkit-box-pack: end;
  -ms-flex-pack: end;
  -webkit-justify-content: flex-end;
  justify-content: flex-end;
}

@media only screen and (max-width: 412px) {
  .emotion-22 [data-type="toolbar-row"]:first-child {
    padding-top: 16px;
  }

  .emotion-22 [data-type="toolbar-row"]:last-child {
    padding-bottom: 16px;
  }

  .emotion-22 [data-type="toolbar-row"]+.emotion-22 [data-type="toolbar-row"] {
    padding-top: 16px;
  }

  .emotion-22 [data-type="toolbar-row"]>*:not(:first-child) {
    margin-left: 16px;
  }
}

.emotion-22 [data-type="toolbar-group"]>*:not(:first-child) {
  margin-left: 8px;
}

@media only screen and (max-width: 767px) {
  .emotion-22 [data-type="toolbar-group"]>*:not(:first-child) {
    margin-left: 16px;
  }
}

.emotion-22 [data-type="toolbar-group"][class*="--text"]>*:not(:first-child) {
  margin-left: 16px;
}

.emotion-22[class*="_title "] {
  padding: 4px 0;
}

.emotion-22[class*="_annotation "] {
  display: block;
  font-size: 10px;
  line-height: 12px;
  margin-top: 4px;
}

.emotion-23 {
  display: -webkit-inline-box;
  display: -webkit-inline-flex;
  display: -ms-inline-flexbox;
  display: inline-flex;
  -webkit-align-items: center;
  -webkit-box-align: center;
  -ms-flex-align: center;
  align-items: center;
  -webkit-box-pack: center;
  -ms-flex-pack: center;
  -webkit-justify-content: center;
  justify-content: center;
  position: relative;
  background-color: transparent;
  color: #0f5ca3;
  border-color: transparent;
  font-family: inherit;
  height: 40px;
  padding: 12px 16px;
  border-width: 1px;
  border-style: solid;
  font-size: 14px;
  line-height: 16px;
  text-transform: none;
  -webkit-transition: 0.3s ease-in-out;
  transition: 0.3s ease-in-out;
  cursor: pointer!important;
  border-radius: 4px;
}

.emotion-23:hover {
  background: #e5ecf0;
  color: #0a3d6d;
}

.emotion-23:hover [data-type="nui-tooltip"] {
  opacity: 1;
  visibility: visible;
}

.emotion-23:focus {
  background: #e5ecf0;
  border-color: #4ea1ef;
  box-shadow: 0px 0px 3px #4ea1ef;
}

.emotion-23:active {
  background: #e6f2fd;
}

.emotion-23:disabled {
  pointer-events: none;
  cursor: default;
  background: #f7fafc;
  color: #61707c;
  border-color: transparent;
}

@media only screen and (max-width: 768px) {
  .emotion-23 {
    height: 40px;
    padding: 12px;
  }
}

.emotion-24 {
  display: inline-block;
  cursor: pointer;
}

.emotion-25 {
  display: -webkit-inline-box;
  display: -webkit-inline-flex;
  display: -ms-inline-flexbox;
  display: inline-flex;
  -webkit-align-items: center;
  -webkit-box-align: center;
  -ms-flex-align: center;
  align-items: center;
  -webkit-box-pack: center;
  -ms-flex-pack: center;
  -webkit-justify-content: center;
  justify-content: center;
  position: relative;
  background-color: #0f5ca3;
  color: #ffffff;
  border-color: transparent;
  font-family: inherit;
  height: 40px;
  padding: 12px 16px;
  border-width: 1px;
  border-style: solid;
  font-size: 14px;
  line-height: 16px;
  text-transform: none;
  -webkit-transition: 0.3s ease-in-out;
  transition: 0.3s ease-in-out;
  cursor: pointer!important;
  border-radius: 4px;
}

.emotion-25:hover {
  background: #0a3d6d;
  color: #ffffff;
}

.emotion-25:hover [data-type="nui-tooltip"] {
  opacity: 1;
  visibility: visible;
}

.emotion-25:focus {
  background: #0a3d6d;
  border-color: #4ea1ef;
  box-shadow: 0px 0px 3px #4ea1ef;
}

.emotion-25:active {
  background: #051f36;
}

.emotion-25:disabled {
  pointer-events: none;
  cursor: default;
  background: #f7fafc;
  color: #61707c;
  border-color: transparent;
}

@media only screen and (max-width: 768px) {
  .emotion-25 {
    height: 40px;
    padding: 12px;
  }
}

<div
  class="organizations-link_container emotion-0"
  id="OrganizationsLinkViewModal"
>
  <header
    class="organizations-link_header emotion-1"
  >
    <div
      class="organizations-link_title-container emotion-2"
    >
      <h2
        class="organizations-link_title emotion-3"
        id="OrganizationsLinkViewModalTitle"
      >
        Link Organizations
      </h2>
    </div>
    <div
      class="organizations-link_action-container"
    >
      <button
        aria-label="Close Modal"
        class="organizations-link_exit emotion-4"
        id="OrganizationsLinkViewModalExitButton"
        role="button"
        type="button"
      >
        <i
          class="organizations-link_exit_icon ni-close-4pt emotion-5"
          id="OrganizationsLinkViewModalExitButtonIcon"
        />
      </button>
    </div>
  </header>
  <div
    class="organizations-link_content emotion-6"
  >
    <div
      class="nui-scrollbars nui-scrollbars--dark"
      data-simplebar="init"
      id="OrganizationsLinkViewModalScrollbars"
    >
      <div
        class="simplebar-wrapper"
      >
        <div
          class="simplebar-height-auto-observer-wrapper"
        >
          <div
            class="simplebar-height-auto-observer"
          />
        </div>
        <div
          class="simplebar-mask"
        >
          <div
            class="simplebar-offset"
            style="right: 0px; bottom: 0px;"
          >
            <div
              aria-label="scrollable content"
              class="simplebar-content-wrapper"
              role="region"
              style="height: auto; overflow-x: hidden; overflow-y: hidden;"
              tabindex="0"
            >
              <div
                class="simplebar-content"
              >
                <div
                  class="organizations-link_children emotion-7"
                  id="OrganizationsLinkViewModalChildren"
                >
                  <div
                    class="nui-grid organizations-link_section organizations-link_section--padding"
                  >
                    <div
                      class="nui-grid_col nui-grid_col--1-of-1"
                    >
                      <div
                        class="nui-grid organizations-link_title"
                      >
                        <span
                          class="emotion-8"
                        >
                          Link Organizations • 
                          UGI Corporation
                        </span>
                      </div>
                      <div
                        class="nui-grid"
                      >
                        <span
                          class="emotion-8"
                        >
                          Select organizations this agency manages. Organizations managed by another agency will not be available to link.
                        </span>
                      </div>
                      <div
                        class="nui-grid organizations-link_field"
                      >
                        <div
                          class="organizations-link_organizations emotion-10"
                          id="OrganizationsLinkViewOrganizationLinkField"
                        >
                          <div
                            class="emotion-11"
                          >
                            <span
                              class="nui-field_label-text emotion-8"
                            >
                              Select Organizations
                               
                            </span>
                            <div
                              class="nui-select nui-select--light-grey nui-select--default emotion-13"
                              id="OrganizationsLinkViewOrganizationsSelect"
                            >
                              <div
                                class="organization-link nui-select__control emotion-14"
                              >
                                <div
                                  class="organization-link nui-select__value-container organization-link nui-select__value-container--is-multi emotion-15"
                                >
                                  <div
                                    class="organization-link nui-select__placeholder emotion-16"
                                  >
                                    Select
                                  </div>
                                  <div
                                    class="emotion-17"
                                  >
                                    <div
                                      class="organization-link nui-select__input"
                                      style="display: inline-block;"
                                    >
                                      <input
                                        aria-autocomplete="list"
                                        autocapitalize="none"
                                        autocomplete="off"
                                        autocorrect="off"
                                        id="OrganizationsLinkViewOrganizationsSelectInput"
                                        spellcheck="false"
                                        style="box-sizing: content-box; width: 2px; border: 0px; opacity: 1; outline: 0; padding: 0px;"
                                        tabindex="0"
                                        type="text"
                                        value=""
                                      />
                                      <div
                                        style="position: absolute; top: 0px; left: 0px; visibility: hidden; height: 0px; overflow: scroll; white-space: pre; font-family: -webkit-small-control; letter-spacing: normal; text-transform: none;"
                                      />
                                    </div>
                                  </div>
                                </div>
                                <div
                                  class="organization-link nui-select__indicators emotion-18"
                                >
                                  <span
                                    class="organization-link nui-select__indicator-separator emotion-19"
                                  />
                                  <div
                                    class="nui-select__indicator nui-select__indicator--dropdown"
                                    style="transform: rotate(0deg);"
                                  >
                                    <i
                                      class="ni-arrow-down-4pt"
                                    />
                                  </div>
                                </div>
                              </div>
                            </div>
                          </div>
                        </div>
                        <div
                          class="nui-chips"
                        />
                      </div>
                    </div>
                  </div>
                </div>
              </div>
            </div>
          </div>
        </div>
        <div
          class="simplebar-placeholder"
          style="width: 0px; height: 0px;"
        />
      </div>
      <div
        class="simplebar-track simplebar-horizontal"
        style="visibility: hidden;"
      >
        <div
          class="simplebar-scrollbar simplebar-visible"
          style="width: 0px; display: none;"
        />
      </div>
      <div
        class="simplebar-track simplebar-vertical"
        style="visibility: hidden;"
      >
        <div
          class="simplebar-scrollbar simplebar-visible"
          style="height: 0px; display: none;"
        />
      </div>
    </div>
  </div>
  <section
    class="organizations-link_footer emotion-20"
  >
    <div
      class="organizations-link_footer emotion-21 emotion-22"
    >
      <div
        class="nui-toolbar_row nui-toolbar_row--justify-space-between"
        data-type="toolbar-row"
      >
        <div
          class="nui-toolbar_group nui-toolbar_group--default"
          data-type="toolbar-group"
          id="OrganizationsLinkViewModalFooterGroupLeft"
        >
          <button
            class="emotion-23"
            id="OrganizationsLinkViewModalCancel"
            type="button"
          >
            <span
              class="emotion-24"
              id="OrganizationsLinkViewModalCancelLabel"
            >
              Cancel
            </span>
          </button>
        </div>
        <div
          class="nui-toolbar_group nui-toolbar_group--default"
          data-type="toolbar-group"
          id="OrganizationsLinkViewModalFooterGroupRight"
        >
          <button
            class="emotion-25"
            disabled=""
            id="OrganizationsLinkViewSaveButton"
            type="button"
          >
            <span
              class="emotion-24"
              id="OrganizationsLinkViewSaveButtonLabel"
            >
              Link Organizations
            </span>
          </button>
        </div>
      </div>
    </div>
  </section>
</div>
`;
