// Jest Snapshot v1, https://goo.gl/fbAQLP

exports[`Linked organization table Component 7386717: renders without crashing 1`] = `
@keyframes animation-0 {
  0% {
    -webkit-transform: scale(0.1);
    -webkit-transform: scale(0.1);
    -moz-transform: scale(0.1);
    -ms-transform: scale(0.1);
    transform: scale(0.1);
    opacity: 1;
  }

  70% {
    -webkit-transform: scale(1);
    -webkit-transform: scale(1);
    -moz-transform: scale(1);
    -ms-transform: scale(1);
    transform: scale(1);
    opacity: 0.7;
  }

  100% {
    opacity: 0;
  }
}

.emotion-0 {
  background-color: #ffffff;
  min-height: 64px;
  -webkit-transition: 0.3s ease-in-out;
  transition: 0.3s ease-in-out;
  transition-property: background-color,color;
}

.emotion-1 {
  display: -webkit-box;
  display: -webkit-flex;
  display: -ms-flexbox;
  display: flex;
  -webkit-flex-direction: column;
  -ms-flex-direction: column;
  flex-direction: column;
  -webkit-box-pack: center;
  -ms-flex-pack: center;
  -webkit-justify-content: center;
  justify-content: center;
  padding: 0 24px;
}

@media only screen and (max-width: 767px) {
  .emotion-1 {
    padding: 0 16px;
  }
}

.emotion-1 [data-type="toolbar-row"] {
  position: relative;
  display: -webkit-box;
  display: -webkit-flex;
  display: -ms-flexbox;
  display: flex;
  -webkit-box-pack: justify;
  -webkit-justify-content: space-between;
  justify-content: space-between;
  -webkit-align-items: center;
  -webkit-box-align: center;
  -ms-flex-align: center;
  align-items: center;
}

.emotion-1 [data-type="toolbar-row"]:first-child {
  padding-top: 24px;
}

.emotion-1 [data-type="toolbar-row"]:last-child {
  padding-bottom: 24px;
}

.emotion-1 [data-type="toolbar-row"]:first-child:last-child {
  height: 100%;
}

.emotion-1 [data-type="toolbar-row"]+.emotion-1 [data-type="toolbar-row"] {
  padding-top: 8px;
}

.emotion-1 [data-type="toolbar-row"]>*:not(:first-child) {
  margin-left: 8px;
}

.emotion-1 [data-type="toolbar-row"][class*="--justify-flex-start"] {
  -webkit-box-pack: start;
  -ms-flex-pack: start;
  -webkit-justify-content: flex-start;
  justify-content: flex-start;
}

.emotion-1 [data-type="toolbar-row"][class*="--justify-center"] {
  -webkit-box-pack: center;
  -ms-flex-pack: center;
  -webkit-justify-content: center;
  justify-content: center;
}

.emotion-1 [data-type="toolbar-row"][class*="--justify-center-space-between"] {
  -webkit-box-pack: justify;
  -webkit-justify-content: space-between;
  justify-content: space-between;
}

.emotion-1 [data-type="toolbar-row"][class*="--justify-center-space-around"] {
  -webkit-box-pack: space-around;
  -ms-flex-pack: space-around;
  -webkit-justify-content: space-around;
  justify-content: space-around;
}

.emotion-1 [data-type="toolbar-row"][class*="--justify-center-flex-end"] {
  -webkit-box-pack: end;
  -ms-flex-pack: end;
  -webkit-justify-content: flex-end;
  justify-content: flex-end;
}

@media only screen and (max-width: 412px) {
  .emotion-1 [data-type="toolbar-row"]:first-child {
    padding-top: 16px;
  }

  .emotion-1 [data-type="toolbar-row"]:last-child {
    padding-bottom: 16px;
  }

  .emotion-1 [data-type="toolbar-row"]+.emotion-1 [data-type="toolbar-row"] {
    padding-top: 16px;
  }

  .emotion-1 [data-type="toolbar-row"]>*:not(:first-child) {
    margin-left: 16px;
  }
}

.emotion-1 [data-type="toolbar-group"]>*:not(:first-child) {
  margin-left: 8px;
}

@media only screen and (max-width: 767px) {
  .emotion-1 [data-type="toolbar-group"]>*:not(:first-child) {
    margin-left: 16px;
  }
}

.emotion-1 [data-type="toolbar-group"][class*="--text"]>*:not(:first-child) {
  margin-left: 16px;
}

.emotion-1[class*="_title "] {
  padding: 4px 0;
}

.emotion-1[class*="_annotation "] {
  display: block;
  font-size: 10px;
  line-height: 12px;
  margin-top: 4px;
}

.emotion-2 {
  font-family: 'Open Sans',sans-serif;
  -webkit-transition: color 0.15s ease-in-out;
  transition: color 0.15s ease-in-out;
  font-style: normal;
  font-weight: normal;
  font-size: 24px;
  line-height: 32px;
  margin-block-start: 0;
  margin-block-end: 0;
  font-weight: 600;
}

@media only screen and (max-width: 768px) {
  .emotion-2 {
    font-size: 20px;
    line-height: 38px;
  }
}

.emotion-3 {
  display: -webkit-inline-box;
  display: -webkit-inline-flex;
  display: -ms-inline-flexbox;
  display: inline-flex;
  -webkit-align-items: center;
  -webkit-box-align: center;
  -ms-flex-align: center;
  align-items: center;
  -webkit-box-pack: center;
  -ms-flex-pack: center;
  -webkit-justify-content: center;
  justify-content: center;
  position: relative;
  background-color: #0f5ca3;
  color: #ffffff;
  border-color: transparent;
  font-family: inherit;
  height: 40px;
  padding: 12px 16px;
  border-width: 1px;
  border-style: solid;
  font-size: 14px;
  line-height: 16px;
  text-transform: none;
  -webkit-transition: 0.3s ease-in-out;
  transition: 0.3s ease-in-out;
  cursor: pointer!important;
  border-radius: 4px;
}

.emotion-3:hover {
  background: #0a3d6d;
  color: #ffffff;
}

.emotion-3:hover [data-type="nui-tooltip"] {
  opacity: 1;
  visibility: visible;
}

.emotion-3:focus {
  background: #0a3d6d;
  border-color: #4ea1ef;
  box-shadow: 0px 0px 3px #4ea1ef;
}

.emotion-3:active {
  background: #051f36;
}

.emotion-3:disabled {
  pointer-events: none;
  cursor: default;
  background: #f7fafc;
  color: #61707c;
  border-color: transparent;
}

@media only screen and (max-width: 768px) {
  .emotion-3 {
    height: 40px;
    padding: 12px;
  }
}

.emotion-4 {
  font-size: 12px;
}

.emotion-4+span {
  margin-left: 4px;
}

@media only screen and (max-width: 768px) {
  .emotion-4 {
    line-height: 16px;
  }
}

.emotion-5 {
  display: inline-block;
  cursor: pointer;
}

.emotion-6 {
  display: -webkit-box;
  display: -webkit-flex;
  display: -ms-flexbox;
  display: flex;
  gap: 0;
  -webkit-transition: 0.3s ease-in-out;
  transition: 0.3s ease-in-out;
  transition-property: width,background-color,color;
  height: 32px;
}

@media only screen and (max-width: 768px) {
  .emotion-6 {
    height: 40px;
  }
}

.emotion-6 .nui-button {
  border-radius: 0 4px 4px 0;
  border-style: solid;
  border-width: 2px;
  height: 100%!important;
  padding: 4px 8px!important;
}

.emotion-6 .nui-button:hover {
  border-color: #0a3d6d!important;
}

.emotion-7 {
  display: -webkit-box;
  display: -webkit-flex;
  display: -ms-flexbox;
  display: flex;
  border-style: solid;
  border-color: #3d464e;
  border-width: 1px 0 1px 1px;
  border-radius: 4px 0 0 4px;
  -webkit-align-items: center;
  -webkit-box-align: center;
  -ms-flex-align: center;
  align-items: center;
  gap: 4px;
  width: 480px;
  padding: 0 8px;
  box-sizing: border-box;
}

@media only screen and (max-width: 768px) {
  .emotion-7 {
    width: 150px;
  }
}

.emotion-7 i {
  font-size: 16px;
}

.emotion-8 {
  -webkit-flex: 1 1;
  -ms-flex: 1 1;
  flex: 1 1;
  min-width: 0;
  height: 28px;
  padding: 14px 4px;
  border: none;
  background-color: #ffffff;
  font-family: 'Open Sans',sans-serif;
  font-size: 12px;
  font-weight: 400;
  color: #181c1f;
  -webkit-transition: color 0.3s ease-in-out;
  transition: color 0.3s ease-in-out;
  width: 160px;
}

.emotion-8::-ms-clear {
  display: none;
}

.emotion-8:focus {
  outline: none;
}

.emotion-8:-moz-read-only {
  color: #a0acb5;
}

.emotion-8:read-only {
  color: #a0acb5;
}

@media only screen and (max-width: 768px) {
  .emotion-8 {
    height: 36px;
  }
}

.emotion-11 {
  top: 0;
  left: 0;
  width: 100%;
  height: 100%;
  z-index: 50;
  background-color: rgba(255,255,255,0.15);
  position: absolute;
}

.emotion-12 {
  height: 64px;
  width: 64px;
  top: calc(50% - 25px);
  left: calc(50% - 25px);
  position: relative;
}

.emotion-12:after {
  position: absolute;
  top: calc(50% - 64px * 0.5);
  left: calc(50% - 64px * 0.5);
  content: "";
  display: block;
  width: 64px;
  height: 64px;
  border: 2px solid #0f5ca3;
  border-radius: 50%;
  -webkit-animation: animation-0 1s 0s infinite cubic-bezier(0.21, 0.53, 0.56, 0.8);
  animation: animation-0 1s 0s infinite cubic-bezier(0.21, 0.53, 0.56, 0.8);
}

.emotion-13 {
  top: 0;
  left: 0;
  width: 100%;
  height: 100%;
  -webkit-transition: background-color 0.3s ease-in-out;
  transition: background-color 0.3s ease-in-out;
}

<div
  id="mockOrganization"
>
  <div
    id="mockOrganizationLinkedOrganizationsTable"
  >
    <div
      class="entity-table"
      id="mockOrganizationLinkedOrganizationsTableEntityTable"
    >
      <div
        class="nui-collapsable nui-collapsable--vertical"
      >
        <div
          class="nui-collapsable_content"
        >
          <div
            class="nui-collapsable_opacity-layer"
          >
            <section
              class="entity-table_toolbar emotion-0"
              id="mockOrganizationLinkedOrganizationsTableEntityTableToolbar"
            >
              <div
                class="entity-table_toolbar_inner emotion-1"
              >
                <div
                  class="nui-toolbar_row nui-toolbar_row--justify-space-between"
                  data-type="toolbar-row"
                  id="mockOrganizationLinkedOrganizationsTableEntityTableToolbarAutoRow"
                >
                  <div
                    class="nui-toolbar_group entity-table_toolbar-group nui-toolbar_group--default"
                    data-type="toolbar-group"
                  >
                    <h2
                      class="entity-table_title emotion-2"
                    >
                      Linked Organizations
                    </h2>
                    <div
                      class="entity-table_toolbar-actions"
                    >
                      <button
                        class="emotion-3"
                        id="mockOrganizationLinkOrganizations"
                        type="button"
                      >
                        <i
                          class="q4i-add-4pt emotion-4"
                          id="mockOrganizationLinkOrganizationsIcon"
                        />
                        <span
                          class="emotion-5"
                          id="mockOrganizationLinkOrganizationsLabel"
                        >
                          Link Organizations
                        </span>
                      </button>
                    </div>
                    <div
                      class="entity-table_search"
                    >
                      <div>
                        <div
                          class="nui-search-v2_inner emotion-6"
                          id="mockOrganizationLinkedOrganizationsTableEntityTableSearch"
                        >
                          <div
                            class="emotion-7"
                          >
                            <i
                              class="nui-search-v2_icon ni-search-4pt"
                              id="mockOrganizationLinkedOrganizationsTableEntityTableSearchIcon"
                            />
                            <input
                              aria-label="Search"
                              autocomplete="on"
                              class="nui-search-v2_input emotion-8"
                              id="mockOrganizationLinkedOrganizationsTableEntityTableSearchInput"
                              name="value"
                              placeholder="Search"
                              value=""
                            />
                          </div>
                          <button
                            class="nui-search-v2_submit emotion-3"
                            id="mockOrganizationLinkedOrganizationsTableEntityTableSearchSubmit"
                            type="button"
                          >
                            <span
                              class="nui-search-v2_submit_label emotion-5"
                              id="mockOrganizationLinkedOrganizationsTableEntityTableSearchSubmitLabel"
                            >
                              Search
                            </span>
                          </button>
                        </div>
                      </div>
                    </div>
                  </div>
                </div>
              </div>
            </section>
          </div>
        </div>
      </div>
      <div
        class="nui-swapable"
      >
        <div
          class="nui-swapable_layer nui-solid--done"
        >
          <div
            class="entity-table_content"
          >
            <div
              class="nui-table ag-theme-balham entity-table_table nui-table--auto-height nui-table--default"
              id="mockOrganizationLinkedOrganizationsTableEntityTableTable"
            >
              <div
                class="nui-swapable"
              >
                <div
                  class="nui-swapable_layer nui-solid--done"
                >
                  <div
                    class="emotion-11"
                  >
                    <div
                      class="emotion-12"
                    />
                    <div
                      class="emotion-13"
                    />
                  </div>
                </div>
              </div>
            </div>
          </div>
        </div>
      </div>
    </div>
  </div>
</div>
`;
