// Jest Snapshot v1, https://goo.gl/fbAQLP

exports[`AccountErrorModal 7386735: renders component 1`] = `
<div
  aria-hidden="true"
  data-focus-on-hidden="true"
/>
`;
