// Jest Snapshot v1, https://goo.gl/fbAQLP

exports[`SubscriptionErrorModal 7386738: renders component 1`] = `
<div
  aria-hidden="true"
  data-focus-on-hidden="true"
/>
`;
