// Jest Snapshot v1, https://goo.gl/fbAQLP

exports[`Entitlements Component 7386002: [Given] no props are provided [Expect] the component to render 1`] = `
.emotion-0 {
  background-color: #ffffff;
  min-height: 64px;
  -webkit-transition: 0.3s ease-in-out;
  transition: 0.3s ease-in-out;
  transition-property: background-color,color;
}

.emotion-1 {
  display: -webkit-box;
  display: -webkit-flex;
  display: -ms-flexbox;
  display: flex;
  -webkit-flex-direction: column;
  -ms-flex-direction: column;
  flex-direction: column;
  -webkit-box-pack: center;
  -ms-flex-pack: center;
  -webkit-justify-content: center;
  justify-content: center;
  padding: 0 24px;
}

@media only screen and (max-width: 767px) {
  .emotion-1 {
    padding: 0 16px;
  }
}

.emotion-1 [data-type="toolbar-row"] {
  position: relative;
  display: -webkit-box;
  display: -webkit-flex;
  display: -ms-flexbox;
  display: flex;
  -webkit-box-pack: justify;
  -webkit-justify-content: space-between;
  justify-content: space-between;
  -webkit-align-items: center;
  -webkit-box-align: center;
  -ms-flex-align: center;
  align-items: center;
}

.emotion-1 [data-type="toolbar-row"]:first-child {
  padding-top: 24px;
}

.emotion-1 [data-type="toolbar-row"]:last-child {
  padding-bottom: 24px;
}

.emotion-1 [data-type="toolbar-row"]:first-child:last-child {
  height: 100%;
}

.emotion-1 [data-type="toolbar-row"]+.emotion-1 [data-type="toolbar-row"] {
  padding-top: 8px;
}

.emotion-1 [data-type="toolbar-row"]>*:not(:first-child) {
  margin-left: 8px;
}

.emotion-1 [data-type="toolbar-row"][class*="--justify-flex-start"] {
  -webkit-box-pack: start;
  -ms-flex-pack: start;
  -webkit-justify-content: flex-start;
  justify-content: flex-start;
}

.emotion-1 [data-type="toolbar-row"][class*="--justify-center"] {
  -webkit-box-pack: center;
  -ms-flex-pack: center;
  -webkit-justify-content: center;
  justify-content: center;
}

.emotion-1 [data-type="toolbar-row"][class*="--justify-center-space-between"] {
  -webkit-box-pack: justify;
  -webkit-justify-content: space-between;
  justify-content: space-between;
}

.emotion-1 [data-type="toolbar-row"][class*="--justify-center-space-around"] {
  -webkit-box-pack: space-around;
  -ms-flex-pack: space-around;
  -webkit-justify-content: space-around;
  justify-content: space-around;
}

.emotion-1 [data-type="toolbar-row"][class*="--justify-center-flex-end"] {
  -webkit-box-pack: end;
  -ms-flex-pack: end;
  -webkit-justify-content: flex-end;
  justify-content: flex-end;
}

@media only screen and (max-width: 412px) {
  .emotion-1 [data-type="toolbar-row"]:first-child {
    padding-top: 16px;
  }

  .emotion-1 [data-type="toolbar-row"]:last-child {
    padding-bottom: 16px;
  }

  .emotion-1 [data-type="toolbar-row"]+.emotion-1 [data-type="toolbar-row"] {
    padding-top: 16px;
  }

  .emotion-1 [data-type="toolbar-row"]>*:not(:first-child) {
    margin-left: 16px;
  }
}

.emotion-1 [data-type="toolbar-group"]>*:not(:first-child) {
  margin-left: 8px;
}

@media only screen and (max-width: 767px) {
  .emotion-1 [data-type="toolbar-group"]>*:not(:first-child) {
    margin-left: 16px;
  }
}

.emotion-1 [data-type="toolbar-group"][class*="--text"]>*:not(:first-child) {
  margin-left: 16px;
}

.emotion-1[class*="_title "] {
  padding: 4px 0;
}

.emotion-1[class*="_annotation "] {
  display: block;
  font-size: 10px;
  line-height: 12px;
  margin-top: 4px;
}

.emotion-2 {
  -webkit-box-pack: start;
  -ms-flex-pack: start;
  -webkit-justify-content: flex-start;
  justify-content: flex-start;
  padding: 2px 0 2px 2px;
  list-style: none;
  display: -webkit-box;
  display: -webkit-flex;
  display: -ms-flexbox;
  display: flex;
  -webkit-flex-direction: row;
  -ms-flex-direction: row;
  flex-direction: row;
  margin: 0;
  height: 36px;
  width: -webkit-max-content;
  width: -moz-max-content;
  width: max-content;
  border-radius: 18px;
  background-color: #cce4fa;
}

@media only screen and (max-width: 768px) {
  .emotion-2 {
    height: 40px;
    border-radius: 20px;
  }
}

.emotion-3 {
  display: -webkit-inline-box;
  display: -webkit-inline-flex;
  display: -ms-inline-flexbox;
  display: inline-flex;
  -webkit-align-items: center;
  -webkit-box-align: center;
  -ms-flex-align: center;
  align-items: center;
  -webkit-box-pack: center;
  -ms-flex-pack: center;
  -webkit-justify-content: center;
  justify-content: center;
  position: relative;
  background-color: #0f5ca3;
  color: #ffffff;
  border-color: transparent;
  font-family: inherit;
  height: 40px;
  padding: 12px 16px;
  border-width: 1px;
  border-style: solid;
  font-size: 14px;
  line-height: 16px;
  text-transform: none;
  -webkit-transition: 0.3s ease-in-out;
  transition: 0.3s ease-in-out;
  cursor: pointer!important;
  border-radius: 4px;
}

.emotion-3:hover {
  background: #0a3d6d;
  color: #ffffff;
}

.emotion-3:hover [data-type="nui-tooltip"] {
  opacity: 1;
  visibility: visible;
}

.emotion-3:focus {
  background: #0a3d6d;
  border-color: #4ea1ef;
  box-shadow: 0px 0px 3px #4ea1ef;
}

.emotion-3:active {
  background: #051f36;
}

.emotion-3:disabled {
  pointer-events: none;
  cursor: default;
  background: #f7fafc;
  color: #61707c;
  border-color: transparent;
}

@media only screen and (max-width: 768px) {
  .emotion-3 {
    height: 40px;
    padding: 12px;
  }
}

.emotion-4 {
  font-size: 12px;
}

.emotion-4+span {
  margin-left: 4px;
}

@media only screen and (max-width: 768px) {
  .emotion-4 {
    line-height: 16px;
  }
}

.emotion-5 {
  display: inline-block;
  cursor: pointer;
}

<div
  id="root"
>
  <div
    data-focus-guard="true"
    style="width: 1px; height: 0px; padding: 0px; overflow: hidden; position: fixed; top: 1px; left: 1px;"
    tabindex="-1"
  />
  <div
    data-focus-lock-disabled="disabled"
  />
  <div
    data-focus-guard="true"
    style="width: 1px; height: 0px; padding: 0px; overflow: hidden; position: fixed; top: 1px; left: 1px;"
    tabindex="-1"
  />
  <div
    class="organization-entitlements"
  >
    <section
      class="organization-entitlements_toolbar emotion-0"
    >
      <div
        class="organization-entitlements_toolbar_inner emotion-1"
      >
        <div
          class="nui-toolbar_row nui-toolbar_row--justify-space-between"
          data-type="toolbar-row"
        >
          <ul
            class="organization-entitlements_tabs emotion-2"
          />
          <button
            class="emotion-3"
            type="button"
          >
            <i
              class="q4i-add-4pt emotion-4"
            />
            <span
              class="emotion-5"
            >
              Add Entitlement
            </span>
          </button>
        </div>
      </div>
    </section>
    <div
      class="nui-swapable"
    />
  </div>
</div>
`;
