// Jest Snapshot v1, https://goo.gl/fbAQLP

exports[`Teams table 7386722: renders without crashing 1`] = `
@keyframes animation-0 {
  0% {
    -webkit-transform: scale(0.1);
    -webkit-transform: scale(0.1);
    -moz-transform: scale(0.1);
    -ms-transform: scale(0.1);
    transform: scale(0.1);
    opacity: 1;
  }

  70% {
    -webkit-transform: scale(1);
    -webkit-transform: scale(1);
    -moz-transform: scale(1);
    -ms-transform: scale(1);
    transform: scale(1);
    opacity: 0.7;
  }

  100% {
    opacity: 0;
  }
}

.emotion-0 {
  background-color: #ffffff;
  min-height: 64px;
  -webkit-transition: 0.3s ease-in-out;
  transition: 0.3s ease-in-out;
  transition-property: background-color,color;
}

.emotion-1 {
  display: -webkit-box;
  display: -webkit-flex;
  display: -ms-flexbox;
  display: flex;
  -webkit-flex-direction: column;
  -ms-flex-direction: column;
  flex-direction: column;
  -webkit-box-pack: center;
  -ms-flex-pack: center;
  -webkit-justify-content: center;
  justify-content: center;
  padding: 0 24px;
}

@media only screen and (max-width: 767px) {
  .emotion-1 {
    padding: 0 16px;
  }
}

.emotion-1 [data-type="toolbar-row"] {
  position: relative;
  display: -webkit-box;
  display: -webkit-flex;
  display: -ms-flexbox;
  display: flex;
  -webkit-box-pack: justify;
  -webkit-justify-content: space-between;
  justify-content: space-between;
  -webkit-align-items: center;
  -webkit-box-align: center;
  -ms-flex-align: center;
  align-items: center;
}

.emotion-1 [data-type="toolbar-row"]:first-child {
  padding-top: 24px;
}

.emotion-1 [data-type="toolbar-row"]:last-child {
  padding-bottom: 24px;
}

.emotion-1 [data-type="toolbar-row"]:first-child:last-child {
  height: 100%;
}

.emotion-1 [data-type="toolbar-row"]+.emotion-1 [data-type="toolbar-row"] {
  padding-top: 8px;
}

.emotion-1 [data-type="toolbar-row"]>*:not(:first-child) {
  margin-left: 8px;
}

.emotion-1 [data-type="toolbar-row"][class*="--justify-flex-start"] {
  -webkit-box-pack: start;
  -ms-flex-pack: start;
  -webkit-justify-content: flex-start;
  justify-content: flex-start;
}

.emotion-1 [data-type="toolbar-row"][class*="--justify-center"] {
  -webkit-box-pack: center;
  -ms-flex-pack: center;
  -webkit-justify-content: center;
  justify-content: center;
}

.emotion-1 [data-type="toolbar-row"][class*="--justify-center-space-between"] {
  -webkit-box-pack: justify;
  -webkit-justify-content: space-between;
  justify-content: space-between;
}

.emotion-1 [data-type="toolbar-row"][class*="--justify-center-space-around"] {
  -webkit-box-pack: space-around;
  -ms-flex-pack: space-around;
  -webkit-justify-content: space-around;
  justify-content: space-around;
}

.emotion-1 [data-type="toolbar-row"][class*="--justify-center-flex-end"] {
  -webkit-box-pack: end;
  -ms-flex-pack: end;
  -webkit-justify-content: flex-end;
  justify-content: flex-end;
}

@media only screen and (max-width: 412px) {
  .emotion-1 [data-type="toolbar-row"]:first-child {
    padding-top: 16px;
  }

  .emotion-1 [data-type="toolbar-row"]:last-child {
    padding-bottom: 16px;
  }

  .emotion-1 [data-type="toolbar-row"]+.emotion-1 [data-type="toolbar-row"] {
    padding-top: 16px;
  }

  .emotion-1 [data-type="toolbar-row"]>*:not(:first-child) {
    margin-left: 16px;
  }
}

.emotion-1 [data-type="toolbar-group"]>*:not(:first-child) {
  margin-left: 8px;
}

@media only screen and (max-width: 767px) {
  .emotion-1 [data-type="toolbar-group"]>*:not(:first-child) {
    margin-left: 16px;
  }
}

.emotion-1 [data-type="toolbar-group"][class*="--text"]>*:not(:first-child) {
  margin-left: 16px;
}

.emotion-1[class*="_title "] {
  padding: 4px 0;
}

.emotion-1[class*="_annotation "] {
  display: block;
  font-size: 10px;
  line-height: 12px;
  margin-top: 4px;
}

.emotion-2 {
  font-family: 'Open Sans',sans-serif;
  -webkit-transition: color 0.15s ease-in-out;
  transition: color 0.15s ease-in-out;
  font-style: normal;
  font-weight: normal;
  font-size: 24px;
  line-height: 32px;
  margin-block-start: 0;
  margin-block-end: 0;
  font-weight: 600;
}

@media only screen and (max-width: 768px) {
  .emotion-2 {
    font-size: 20px;
    line-height: 38px;
  }
}

.emotion-3 {
  display: -webkit-inline-box;
  display: -webkit-inline-flex;
  display: -ms-inline-flexbox;
  display: inline-flex;
  -webkit-align-items: center;
  -webkit-box-align: center;
  -ms-flex-align: center;
  align-items: center;
  -webkit-box-pack: center;
  -ms-flex-pack: center;
  -webkit-justify-content: center;
  justify-content: center;
  position: relative;
  background-color: #0f5ca3;
  color: #ffffff;
  border-color: transparent;
  font-family: inherit;
  height: 40px;
  padding: 12px 16px;
  border-width: 1px;
  border-style: solid;
  font-size: 14px;
  line-height: 16px;
  text-transform: none;
  -webkit-transition: 0.3s ease-in-out;
  transition: 0.3s ease-in-out;
  cursor: pointer!important;
  border-radius: 4px;
}

.emotion-3:hover {
  background: #0a3d6d;
  color: #ffffff;
}

.emotion-3:hover [data-type="nui-tooltip"] {
  opacity: 1;
  visibility: visible;
}

.emotion-3:focus {
  background: #0a3d6d;
  border-color: #4ea1ef;
  box-shadow: 0px 0px 3px #4ea1ef;
}

.emotion-3:active {
  background: #051f36;
}

.emotion-3:disabled {
  pointer-events: none;
  cursor: default;
  background: #f7fafc;
  color: #61707c;
  border-color: transparent;
}

@media only screen and (max-width: 768px) {
  .emotion-3 {
    height: 40px;
    padding: 12px;
  }
}

.emotion-4 {
  font-size: 12px;
}

.emotion-4+span {
  margin-left: 4px;
}

@media only screen and (max-width: 768px) {
  .emotion-4 {
    line-height: 16px;
  }
}

.emotion-5 {
  display: inline-block;
  cursor: pointer;
}

.emotion-6 {
  position: absolute;
  z-index: 5;
  pointer-events: none;
  max-width: 200px;
  padding: 4px;
  border-radius: 4px;
  line-height: 16px;
  background-color: #181c1f;
  color: #ffffff;
  visibility: hidden;
  opacity: 0;
  -webkit-transition: 0.3s ease-in-out;
  transition: 0.3s ease-in-out;
  transition-property: opacity,visibility;
  bottom: calc(100% + 5px + 4px);
  left: 50%;
  -webkit-transform: translateX(-50%);
  -moz-transform: translateX(-50%);
  -ms-transform: translateX(-50%);
  transform: translateX(-50%);
  width: 200px;
}

.emotion-6:after {
  width: 0;
  height: 0;
  content: "";
  border-top: 5px solid #101315;
  border-left: 5px solid transparent;
  border-right: 5px solid transparent;
  position: absolute;
}

.emotion-6:after {
  border-bottom-color: #101315;
  left: calc(50% - 5px);
  bottom: calc(0px - 5px);
}

.emotion-7 {
  font-family: 'Open Sans',sans-serif;
  -webkit-transition: color 0.15s ease-in-out;
  transition: color 0.15s ease-in-out;
  font-style: normal;
  font-weight: normal;
  font-size: 14px;
  line-height: 16px;
  color: #ffffff;
}

@media only screen and (max-width: 768px) {
  .emotion-7 {
    font-size: 12px;
    line-height: 12px;
  }
}

.emotion-8 {
  top: 0;
  left: 0;
  width: 100%;
  height: 100%;
  z-index: 50;
  background-color: rgba(255,255,255,0.15);
  position: absolute;
}

.emotion-9 {
  height: 64px;
  width: 64px;
  top: calc(50% - 25px);
  left: calc(50% - 25px);
  position: relative;
}

.emotion-9:after {
  position: absolute;
  top: calc(50% - 64px * 0.5);
  left: calc(50% - 64px * 0.5);
  content: "";
  display: block;
  width: 64px;
  height: 64px;
  border: 2px solid #0f5ca3;
  border-radius: 50%;
  -webkit-animation: animation-0 1s 0s infinite cubic-bezier(0.21, 0.53, 0.56, 0.8);
  animation: animation-0 1s 0s infinite cubic-bezier(0.21, 0.53, 0.56, 0.8);
}

.emotion-10 {
  top: 0;
  left: 0;
  width: 100%;
  height: 100%;
  -webkit-transition: background-color 0.3s ease-in-out;
  transition: background-color 0.3s ease-in-out;
}

<div
  class="admin-teams-table"
  id="mockOrganization"
>
  <div
    class="entity-table"
    id="mockOrganizationEntityTable"
  >
    <div
      class="nui-collapsable nui-collapsable--vertical"
    >
      <div
        class="nui-collapsable_content"
      >
        <div
          class="nui-collapsable_opacity-layer"
        >
          <section
            class="entity-table_toolbar emotion-0"
            id="mockOrganizationEntityTableToolbar"
          >
            <div
              class="entity-table_toolbar_inner emotion-1"
            >
              <div
                class="nui-toolbar_row nui-toolbar_row--justify-space-between"
                data-type="toolbar-row"
                id="mockOrganizationEntityTableToolbarAutoRow"
              >
                <div
                  class="nui-toolbar_group entity-table_toolbar-group nui-toolbar_group--default"
                  data-type="toolbar-group"
                >
                  <h2
                    class="entity-table_title emotion-2"
                  >
                    Teams
                  </h2>
                  <div
                    class="entity-table_toolbar-actions"
                  >
                    <button
                      class="emotion-3"
                      disabled=""
                      id="mockOrganizationAddTeam"
                      type="button"
                    >
                      <i
                        class="q4i-add-4pt emotion-4"
                        id="mockOrganizationAddTeamIcon"
                      />
                      <span
                        class="emotion-5"
                        id="mockOrganizationAddTeamLabel"
                      >
                        ADD TEAM
                      </span>
                      <div
                        class="button-tooltip emotion-6"
                        data-type="nui-tooltip"
                        id="mockOrganizationAddTeamTooltip"
                      >
                        <span
                          class="emotion-7"
                        >
                          Create a new team to provide a group of users with access to specific organizations
                        </span>
                      </div>
                    </button>
                  </div>
                </div>
              </div>
            </div>
          </section>
        </div>
      </div>
    </div>
    <div
      class="nui-swapable"
    >
      <div
        class="nui-swapable_layer nui-solid--done"
      >
        <div
          class="entity-table_content"
        >
          <div
            class="nui-table ag-theme-balham entity-table_table nui-table--auto-height nui-table--default"
            id="mockOrganizationEntityTableTable"
          >
            <div
              class="nui-swapable"
            >
              <div
                class="nui-swapable_layer nui-solid--done"
              >
                <div
                  class="emotion-8"
                >
                  <div
                    class="emotion-9"
                  />
                  <div
                    class="emotion-10"
                  />
                </div>
              </div>
            </div>
          </div>
        </div>
      </div>
    </div>
  </div>
</div>
`;
