// Jest Snapshot v1, https://goo.gl/fbAQLP

exports[`Simple List Component 7387811: [Given] no props are provided [Expect] the component to render 1`] = `
.emotion-0 {
  list-style: none;
  margin: 0 0 20px 0;
  padding: 0;
}

.emotion-0 {
  list-style: none;
  margin: 0 0 20px 0;
  padding: 0;
}

<div>
  <ul
    class="emotion-0"
  />
</div>
`;

exports[`Simple List Component 7387815: [Given] data and a child exists [Expect] the child data to appear below the data 1`] = `
.emotion-0 {
  list-style: none;
  margin: 0 0 20px 0;
  padding: 0;
}

.emotion-1 {
  height: auto;
  font-size: 14px;
  line-height: 16px;
  -webkit-align-items: center;
  -webkit-box-align: center;
  -ms-flex-align: center;
  align-items: center;
  box-shadow: inset 0px -1px 0px inherit;
}

.emotion-0 {
  list-style: none;
  margin: 0 0 20px 0;
  padding: 0;
}

.emotion-1 {
  height: auto;
  font-size: 14px;
  line-height: 16px;
  -webkit-align-items: center;
  -webkit-box-align: center;
  -ms-flex-align: center;
  align-items: center;
  box-shadow: inset 0px -1px 0px inherit;
}

<div>
  <ul
    class="emotion-0"
  >
    <li
      class="emotion-1"
    >
      <div>
        test 1 data
      </div>
    </li>
    <li
      class="emotion-1"
    >
      <div>
        test 2 data
      </div>
    </li>
    <button>
      I am a button
    </button>
  </ul>
</div>
`;
