// Jest Snapshot v1, https://goo.gl/fbAQLP

exports[`Organization Team Create view 7395560: render without crash 1`] = `
.emotion-0 {
  background-color: #ffffff;
  width: 100%;
  height: 100%;
  max-width: none;
  max-height: none;
  border-radius: 0;
  overflow: hidden;
}

@media only screen and (max-width: 768px) {
  .emotion-0 {
    max-width: calc(100vw - (4px * 8));
    max-height: calc(100vh - (4px * 8));
  }
}

@media only screen and (max-width: 411px) {
  .emotion-0 {
    display: -webkit-box;
    display: -webkit-flex;
    display: -ms-flexbox;
    display: flex;
    -webkit-box-flex-flow: column nowrap;
    -webkit-flex-flow: column nowrap;
    -ms-flex-flow: column nowrap;
    flex-flow: column nowrap;
    -webkit-box-pack: start;
    -ms-flex-pack: start;
    -webkit-justify-content: flex-start;
    justify-content: flex-start;
    width: 100vw;
    height: 100vh;
    border: none;
    border-radius: 0;
    box-shadow: none;
    max-height: 100%;
    max-width: 100%;
  }
}

.emotion-1 {
  display: -webkit-box;
  display: -webkit-flex;
  display: -ms-flexbox;
  display: flex;
  -webkit-align-items: center;
  -webkit-box-align: center;
  -ms-flex-align: center;
  align-items: center;
  -webkit-box-pack: justify;
  -webkit-justify-content: space-between;
  justify-content: space-between;
  min-height: 64px;
  padding: 16px 24px;
  color: #101315;
  border-radius: 4px 4px 0 0;
  border-bottom: 1px solid #e5ecf0;
}

@media only screen and (max-width: 768px) {
  .emotion-1 {
    min-height: 48px;
    padding: 16px;
  }
}

.emotion-2 {
  display: -webkit-box;
  display: -webkit-flex;
  display: -ms-flexbox;
  display: flex;
  -webkit-align-items: flex-start;
  -webkit-box-align: flex-start;
  -ms-flex-align: flex-start;
  align-items: flex-start;
  -webkit-flex: 1 1;
  -ms-flex: 1 1;
  flex: 1 1;
}

.emotion-2 h2 {
  margin: 0;
}

.emotion-3 {
  font-family: 'Open Sans',sans-serif;
  -webkit-transition: color 0.15s ease-in-out;
  transition: color 0.15s ease-in-out;
  font-style: normal;
  font-weight: normal;
  font-size: 24px;
  line-height: 32px;
  margin-block-start: 0;
  margin-block-end: 0;
  font-weight: 600;
}

@media only screen and (max-width: 768px) {
  .emotion-3 {
    font-size: 20px;
    line-height: 38px;
  }
}

.emotion-4 {
  display: -webkit-inline-box;
  display: -webkit-inline-flex;
  display: -ms-inline-flexbox;
  display: inline-flex;
  -webkit-align-items: center;
  -webkit-box-align: center;
  -ms-flex-align: center;
  align-items: center;
  -webkit-box-pack: center;
  -ms-flex-pack: center;
  -webkit-justify-content: center;
  justify-content: center;
  position: relative;
  background-color: transparent;
  color: #0f5ca3;
  border-color: transparent;
  font-family: inherit;
  height: 32px;
  padding: 8px;
  border-width: 1px;
  border-style: solid;
  font-size: 14px;
  line-height: 16px;
  text-transform: none;
  -webkit-transition: 0.3s ease-in-out;
  transition: 0.3s ease-in-out;
  cursor: pointer!important;
  border-radius: 4px;
  padding: 0;
  width: 32px;
  text-align: center;
}

.emotion-4:hover {
  background: #e5ecf0;
  color: #0a3d6d;
}

.emotion-4:hover [data-type="nui-tooltip"] {
  opacity: 1;
  visibility: visible;
}

.emotion-4:focus {
  background: #e5ecf0;
  border-color: #4ea1ef;
  box-shadow: 0px 0px 3px #4ea1ef;
}

.emotion-4:active {
  background: #e6f2fd;
}

.emotion-4:disabled {
  pointer-events: none;
  cursor: default;
  background: #f7fafc;
  color: #61707c;
  border-color: transparent;
}

@media only screen and (max-width: 768px) {
  .emotion-4 {
    height: 40px;
    padding: 12px;
    width: 40px;
  }
}

.emotion-4 i {
  font-size: 16px!important;
}

.emotion-5 {
  font-size: 12px;
  line-height: 32px;
}

.emotion-5+span {
  margin-left: 4px;
}

@media only screen and (max-width: 768px) {
  .emotion-5 {
    line-height: 16px;
  }
}

.emotion-5 i {
  font-size: 16px!important;
}

.emotion-6 {
  min-height: 150px;
  overflow: hidden;
  height: calc(100% - (64px + 88px));
  background-color: #ffffff;
}

.emotion-7 {
  padding: 24px;
}

@media only screen and (max-width: 768px) {
  .emotion-7 {
    padding: 16px;
  }
}

.emotion-8 {
  margin-left: 0;
}

.emotion-9 {
  padding-left: 0;
}

.emotion-13 {
  font-family: 'Open Sans',sans-serif;
  -webkit-transition: color 0.15s ease-in-out;
  transition: color 0.15s ease-in-out;
  font-style: normal;
  font-weight: normal;
  font-size: 14px;
  line-height: 16px;
}

@media only screen and (max-width: 768px) {
  .emotion-13 {
    font-size: 12px;
    line-height: 12px;
  }
}

.emotion-17 {
  position: relative;
}

.emotion-18 {
  font-family: 'Open Sans',sans-serif;
  -webkit-transition: color 0.15s ease-in-out;
  transition: color 0.15s ease-in-out;
  font-style: normal;
  font-weight: normal;
  font-size: 12px;
  line-height: 12px;
  color: #3d464e;
  display: inline-block;
  margin-bottom: 4px;
}

@media only screen and (max-width: 768px) {
  .emotion-18 {
    font-size: 10px;
    line-height: 12px;
  }
}

.emotion-18:after {
  margin-left: 2px;
  content: "(Required)";
}

.emotion-19 {
  border: 0!important;
  clip: rect(1px, 1px, 1px, 1px)!important;
  -webkit-clip-path: inset(50%)!important;
  -webkit-clip-path: inset(50%)!important;
  clip-path: inset(50%)!important;
  height: 1px!important;
  margin: -1px!important;
  overflow: hidden!important;
  padding: 0!important;
  position: absolute!important;
  width: 1px!important;
  white-space: nowrap!important;
}

.emotion-20 {
  display: -webkit-box;
  display: -webkit-flex;
  display: -ms-flexbox;
  display: flex;
  -webkit-align-content: center;
  -ms-flex-line-pack: center;
  align-content: center;
  -webkit-box-pack: justify;
  -webkit-justify-content: space-between;
  justify-content: space-between;
}

.emotion-20>*:first-child:last-child {
  width: 100%;
}

.emotion-20>*+.emotion-20>* {
  margin-left: 8px;
}

.emotion-25 .nui-checkbox_box.nui-toggle-input-base_control {
  background: #ffffff;
}

.emotion-25 .nui-select_option-checkbox {
  margin: auto;
}

.emotion-26 {
  position: relative;
  box-sizing: border-box;
}

.emotion-27 {
  -webkit-align-items: center;
  -webkit-box-align: center;
  -ms-flex-align: center;
  align-items: center;
  background-color: hsl(0,0%,100%);
  border-color: hsl(0,0%,80%);
  border-radius: 4px;
  border-style: solid;
  border-width: 1px;
  cursor: default;
  display: -webkit-box;
  display: -webkit-flex;
  display: -ms-flexbox;
  display: flex;
  -webkit-flex-wrap: wrap;
  -ms-flex-wrap: wrap;
  flex-wrap: wrap;
  -webkit-box-pack: justify;
  -webkit-justify-content: space-between;
  -ms-flex-pack: justify;
  justify-content: space-between;
  min-height: 38px;
  outline: 0!important;
  position: relative;
  -webkit-transition: all 100ms;
  transition: all 100ms;
  box-sizing: border-box;
}

.emotion-27:hover {
  border-color: hsl(0,0%,70%);
}

.emotion-28 {
  -webkit-align-items: center;
  -webkit-box-align: center;
  -ms-flex-align: center;
  align-items: center;
  display: -webkit-box;
  display: -webkit-flex;
  display: -ms-flexbox;
  display: flex;
  -webkit-flex: 1;
  -ms-flex: 1;
  flex: 1;
  -webkit-flex-wrap: wrap;
  -ms-flex-wrap: wrap;
  flex-wrap: wrap;
  padding: 2px 8px;
  -webkit-overflow-scrolling: touch;
  position: relative;
  overflow: hidden;
  box-sizing: border-box;
}

.emotion-29 {
  color: hsl(0,0%,50%);
  margin-left: 2px;
  margin-right: 2px;
  position: absolute;
  top: 50%;
  -webkit-transform: translateY(-50%);
  -ms-transform: translateY(-50%);
  transform: translateY(-50%);
  box-sizing: border-box;
}

.emotion-30 {
  margin: 0;
  padding-bottom: 0;
  padding-top: 0;
  visibility: visible;
  color: inherit;
  box-sizing: border-box;
}

.emotion-31 {
  -webkit-align-items: center;
  -webkit-box-align: center;
  -ms-flex-align: center;
  align-items: center;
  -webkit-align-self: stretch;
  -ms-flex-item-align: stretch;
  align-self: stretch;
  display: -webkit-box;
  display: -webkit-flex;
  display: -ms-flexbox;
  display: flex;
  -webkit-flex-shrink: 0;
  -ms-flex-negative: 0;
  flex-shrink: 0;
  box-sizing: border-box;
}

.emotion-32 {
  -webkit-align-self: stretch;
  -ms-flex-item-align: stretch;
  align-self: stretch;
  background-color: hsl(0,0%,80%);
  margin-bottom: 8px;
  margin-top: 8px;
  width: 1px;
  box-sizing: border-box;
}

.emotion-33 {
  background-color: #ffffff;
  min-height: 64px;
  -webkit-transition: 0.3s ease-in-out;
  transition: 0.3s ease-in-out;
  transition-property: background-color,color;
  border-radius: 0;
  border-top: 1px solid #e5ecf0;
  overflow: hidden;
  padding: 0;
}

@media only screen and (max-width: 411px) {
  .emotion-33 {
    margin-top: auto;
  }
}

.emotion-35 {
  display: -webkit-box;
  display: -webkit-flex;
  display: -ms-flexbox;
  display: flex;
  -webkit-flex-direction: column;
  -ms-flex-direction: column;
  flex-direction: column;
  -webkit-box-pack: center;
  -ms-flex-pack: center;
  -webkit-justify-content: center;
  justify-content: center;
  padding: 0 24px;
}

@media only screen and (max-width: 767px) {
  .emotion-35 {
    padding: 0 16px;
  }
}

.emotion-35 [data-type="toolbar-row"] {
  position: relative;
  display: -webkit-box;
  display: -webkit-flex;
  display: -ms-flexbox;
  display: flex;
  -webkit-box-pack: justify;
  -webkit-justify-content: space-between;
  justify-content: space-between;
  -webkit-align-items: center;
  -webkit-box-align: center;
  -ms-flex-align: center;
  align-items: center;
}

.emotion-35 [data-type="toolbar-row"]:first-child {
  padding-top: 24px;
}

.emotion-35 [data-type="toolbar-row"]:last-child {
  padding-bottom: 24px;
}

.emotion-35 [data-type="toolbar-row"]:first-child:last-child {
  height: 100%;
}

.emotion-35 [data-type="toolbar-row"]+.emotion-35 [data-type="toolbar-row"] {
  padding-top: 8px;
}

.emotion-35 [data-type="toolbar-row"]>*:not(:first-child) {
  margin-left: 8px;
}

.emotion-35 [data-type="toolbar-row"][class*="--justify-flex-start"] {
  -webkit-box-pack: start;
  -ms-flex-pack: start;
  -webkit-justify-content: flex-start;
  justify-content: flex-start;
}

.emotion-35 [data-type="toolbar-row"][class*="--justify-center"] {
  -webkit-box-pack: center;
  -ms-flex-pack: center;
  -webkit-justify-content: center;
  justify-content: center;
}

.emotion-35 [data-type="toolbar-row"][class*="--justify-center-space-between"] {
  -webkit-box-pack: justify;
  -webkit-justify-content: space-between;
  justify-content: space-between;
}

.emotion-35 [data-type="toolbar-row"][class*="--justify-center-space-around"] {
  -webkit-box-pack: space-around;
  -ms-flex-pack: space-around;
  -webkit-justify-content: space-around;
  justify-content: space-around;
}

.emotion-35 [data-type="toolbar-row"][class*="--justify-center-flex-end"] {
  -webkit-box-pack: end;
  -ms-flex-pack: end;
  -webkit-justify-content: flex-end;
  justify-content: flex-end;
}

@media only screen and (max-width: 412px) {
  .emotion-35 [data-type="toolbar-row"]:first-child {
    padding-top: 16px;
  }

  .emotion-35 [data-type="toolbar-row"]:last-child {
    padding-bottom: 16px;
  }

  .emotion-35 [data-type="toolbar-row"]+.emotion-35 [data-type="toolbar-row"] {
    padding-top: 16px;
  }

  .emotion-35 [data-type="toolbar-row"]>*:not(:first-child) {
    margin-left: 16px;
  }
}

.emotion-35 [data-type="toolbar-group"]>*:not(:first-child) {
  margin-left: 8px;
}

@media only screen and (max-width: 767px) {
  .emotion-35 [data-type="toolbar-group"]>*:not(:first-child) {
    margin-left: 16px;
  }
}

.emotion-35 [data-type="toolbar-group"][class*="--text"]>*:not(:first-child) {
  margin-left: 16px;
}

.emotion-35[class*="_title "] {
  padding: 4px 0;
}

.emotion-35[class*="_annotation "] {
  display: block;
  font-size: 10px;
  line-height: 12px;
  margin-top: 4px;
}

.emotion-36 {
  display: -webkit-inline-box;
  display: -webkit-inline-flex;
  display: -ms-inline-flexbox;
  display: inline-flex;
  -webkit-align-items: center;
  -webkit-box-align: center;
  -ms-flex-align: center;
  align-items: center;
  -webkit-box-pack: center;
  -ms-flex-pack: center;
  -webkit-justify-content: center;
  justify-content: center;
  position: relative;
  background-color: transparent;
  color: #0f5ca3;
  border-color: transparent;
  font-family: inherit;
  height: 40px;
  padding: 12px 16px;
  border-width: 1px;
  border-style: solid;
  font-size: 14px;
  line-height: 16px;
  text-transform: none;
  -webkit-transition: 0.3s ease-in-out;
  transition: 0.3s ease-in-out;
  cursor: pointer!important;
  border-radius: 4px;
}

.emotion-36:hover {
  background: #e5ecf0;
  color: #0a3d6d;
}

.emotion-36:hover [data-type="nui-tooltip"] {
  opacity: 1;
  visibility: visible;
}

.emotion-36:focus {
  background: #e5ecf0;
  border-color: #4ea1ef;
  box-shadow: 0px 0px 3px #4ea1ef;
}

.emotion-36:active {
  background: #e6f2fd;
}

.emotion-36:disabled {
  pointer-events: none;
  cursor: default;
  background: #f7fafc;
  color: #61707c;
  border-color: transparent;
}

@media only screen and (max-width: 768px) {
  .emotion-36 {
    height: 40px;
    padding: 12px;
  }
}

.emotion-37 {
  display: inline-block;
  cursor: pointer;
}

.emotion-38 {
  display: -webkit-inline-box;
  display: -webkit-inline-flex;
  display: -ms-inline-flexbox;
  display: inline-flex;
  -webkit-align-items: center;
  -webkit-box-align: center;
  -ms-flex-align: center;
  align-items: center;
  -webkit-box-pack: center;
  -ms-flex-pack: center;
  -webkit-justify-content: center;
  justify-content: center;
  position: relative;
  background-color: #0f5ca3;
  color: #ffffff;
  border-color: transparent;
  font-family: inherit;
  height: 40px;
  padding: 12px 16px;
  border-width: 1px;
  border-style: solid;
  font-size: 14px;
  line-height: 16px;
  text-transform: none;
  -webkit-transition: 0.3s ease-in-out;
  transition: 0.3s ease-in-out;
  cursor: pointer!important;
  border-radius: 4px;
}

.emotion-38:hover {
  background: #0a3d6d;
  color: #ffffff;
}

.emotion-38:hover [data-type="nui-tooltip"] {
  opacity: 1;
  visibility: visible;
}

.emotion-38:focus {
  background: #0a3d6d;
  border-color: #4ea1ef;
  box-shadow: 0px 0px 3px #4ea1ef;
}

.emotion-38:active {
  background: #051f36;
}

.emotion-38:disabled {
  pointer-events: none;
  cursor: default;
  background: #f7fafc;
  color: #61707c;
  border-color: transparent;
}

@media only screen and (max-width: 768px) {
  .emotion-38 {
    height: 40px;
    padding: 12px;
  }
}

<div
  class="organizations-team_container emotion-0"
  id="TeamCreateModal"
>
  <header
    class="organizations-team_header emotion-1"
  >
    <div
      class="organizations-team_title-container emotion-2"
    >
      <h2
        class="organizations-team_title emotion-3"
        id="TeamCreateModalTitle"
      >
        Add Team
      </h2>
    </div>
    <div
      class="organizations-team_action-container"
    >
      <button
        aria-label="Close Modal"
        class="organizations-team_exit emotion-4"
        id="TeamCreateModalExitButton"
        role="button"
        type="button"
      >
        <i
          class="organizations-team_exit_icon ni-close-4pt emotion-5"
          id="TeamCreateModalExitButtonIcon"
        />
      </button>
    </div>
  </header>
  <div
    class="organizations-team_content emotion-6"
  >
    <div
      class="nui-scrollbars nui-scrollbars--dark"
      data-simplebar="init"
      id="TeamCreateModalScrollbars"
    >
      <div
        class="simplebar-wrapper"
      >
        <div
          class="simplebar-height-auto-observer-wrapper"
        >
          <div
            class="simplebar-height-auto-observer"
          />
        </div>
        <div
          class="simplebar-mask"
        >
          <div
            class="simplebar-offset"
            style="right: 0px; bottom: 0px;"
          >
            <div
              aria-label="scrollable content"
              class="simplebar-content-wrapper"
              role="region"
              style="height: auto; overflow-x: hidden; overflow-y: hidden;"
              tabindex="0"
            >
              <div
                class="simplebar-content"
              >
                <div
                  class="organizations-team_children emotion-7"
                  id="TeamCreateModalChildren"
                >
                  <div
                    class="nui-grid emotion-8"
                  >
                    <div
                      class="nui-grid_col emotion-9 nui-grid_col--1-of-1"
                    >
                      <div
                        class="nui-grid emotion-8"
                      >
                        <h2
                          class="emotion-3"
                        >
                          Add Team
                           • 
                          UGI Corporation
                        </h2>
                      </div>
                      <div
                        class="nui-grid emotion-8"
                      >
                        <span
                          class="emotion-13"
                        >
                          Name your team and select organizations this team manages.
                        </span>
                      </div>
                    </div>
                    <div
                      class="nui-swapable"
                    >
                      <div
                        class="nui-swapable_layer nui-solid--done"
                      >
                        <div
                          class="nui-grid_col emotion-9 nui-grid_col--1-of-4 nui-grid_col--medium-1-of-3 nui-grid_col--small-1-of-2"
                          id="TeamCreateAddOrgForm"
                        >
                          <div
                            class="nui-grid emotion-8"
                            id="TeamCreateAddOrgFormName"
                          >
                            <div
                              class="nui-grid_col emotion-9 nui-grid_col--1-of-1"
                            >
                              <div
                                class="emotion-17"
                                id="TeamCreateAddOrgFormNameNameField"
                              >
                                <label
                                  id="TeamCreateAddOrgFormNameNameFieldLabel"
                                >
                                  <span
                                    class="emotion-18"
                                  >
                                    Team Name
                                  </span>
                                  <span
                                    class="emotion-19"
                                  >
                                    Required
                                  </span>
                                  <div
                                    class="emotion-20"
                                  >
                                    <div
                                      class="nui-textbox nui-textbox--light-grey nui-textbox--default"
                                      id="TeamCreateAddOrgFormNameNameTextbox"
                                    >
                                      <input
                                        class="nui-textbox_input"
                                        id="TeamCreateAddOrgFormNameNameTextboxInput"
                                        maxlength="255"
                                        placeholder=""
                                        type="text"
                                        value=""
                                      />
                                      <span
                                        class="nui-textbox_focus"
                                        id="TeamCreateAddOrgFormNameNameTextboxFocus"
                                      />
                                    </div>
                                  </div>
                                </label>
                              </div>
                            </div>
                          </div>
                          <div
                            class="nui-grid emotion-8"
                            id="TeamCreateAddOrgFormSelector"
                          >
                            <div
                              class="organizations-link_organizations emotion-17"
                              id="TeamCreateAddOrgFormSelectorOrganizationsField"
                            >
                              <div
                                class="emotion-20"
                              >
                                <span
                                  class="emotion-13"
                                >
                                  Managed Organizations
                                </span>
                                <div
                                  class="nui-select emotion-25 nui-select--light-grey nui-select--default emotion-26"
                                  id="TeamCreateAddOrgFormSelectorOrganizationsSelect"
                                >
                                  <div
                                    class="add-organizations-dropdown nui-select__control emotion-27"
                                  >
                                    <div
                                      class="add-organizations-dropdown nui-select__value-container add-organizations-dropdown nui-select__value-container--is-multi emotion-28"
                                    >
                                      <div
                                        class="add-organizations-dropdown nui-select__placeholder emotion-29"
                                      >
                                        Select
                                      </div>
                                      <div
                                        class="emotion-30"
                                      >
                                        <div
                                          class="add-organizations-dropdown nui-select__input"
                                          style="display: inline-block;"
                                        >
                                          <input
                                            aria-autocomplete="list"
                                            autocapitalize="none"
                                            autocomplete="off"
                                            autocorrect="off"
                                            id="TeamCreateAddOrgFormSelectorOrganizationsSelectInput"
                                            spellcheck="false"
                                            style="box-sizing: content-box; width: 2px; border: 0px; opacity: 1; outline: 0; padding: 0px;"
                                            tabindex="0"
                                            type="text"
                                            value=""
                                          />
                                          <div
                                            style="position: absolute; top: 0px; left: 0px; visibility: hidden; height: 0px; overflow: scroll; white-space: pre; font-family: -webkit-small-control; letter-spacing: normal; text-transform: none;"
                                          />
                                        </div>
                                      </div>
                                    </div>
                                    <div
                                      class="add-organizations-dropdown nui-select__indicators emotion-31"
                                    >
                                      <span
                                        class="add-organizations-dropdown nui-select__indicator-separator emotion-32"
                                      />
                                      <div
                                        class="nui-select__indicator nui-select__indicator--dropdown"
                                        style="transform: rotate(0deg);"
                                      >
                                        <i
                                          class="ni-arrow-down-4pt"
                                        />
                                      </div>
                                    </div>
                                  </div>
                                </div>
                              </div>
                            </div>
                            <div
                              class="nui-chips"
                              id="TeamCreateAddOrgFormSelectorOrganizationsChips"
                            />
                          </div>
                        </div>
                      </div>
                    </div>
                  </div>
                </div>
              </div>
            </div>
          </div>
        </div>
        <div
          class="simplebar-placeholder"
          style="width: 0px; height: 0px;"
        />
      </div>
      <div
        class="simplebar-track simplebar-horizontal"
        style="visibility: hidden;"
      >
        <div
          class="simplebar-scrollbar simplebar-visible"
          style="width: 0px; display: none;"
        />
      </div>
      <div
        class="simplebar-track simplebar-vertical"
        style="visibility: hidden;"
      >
        <div
          class="simplebar-scrollbar simplebar-visible"
          style="height: 0px; display: none;"
        />
      </div>
    </div>
  </div>
  <section
    class="organizations-team_footer emotion-33"
  >
    <div
      class="organizations-team_footer emotion-34 emotion-35"
    >
      <div
        class="nui-toolbar_row nui-toolbar_row--justify-space-between"
        data-type="toolbar-row"
      >
        <div
          class="nui-toolbar_group nui-toolbar_group--default"
          data-type="toolbar-group"
          id="TeamCreateModalFooterGroupLeft"
        >
          <button
            class="emotion-36"
            id="TeamCreateModalCancel"
            type="button"
          >
            <span
              class="emotion-37"
              id="TeamCreateModalCancelLabel"
            >
              Cancel
            </span>
          </button>
        </div>
        <div
          class="nui-toolbar_group nui-toolbar_group--default"
          data-type="toolbar-group"
          id="TeamCreateModalFooterGroupRight"
        >
          <button
            class="emotion-38"
            disabled=""
            id="TeamCreateAdd"
            type="button"
          >
            <span
              class="emotion-37"
              id="TeamCreateAddLabel"
            >
              Add Users
            </span>
          </button>
        </div>
      </div>
    </div>
  </section>
</div>
`;
